
[7m[1m[36m RUN [39m[22m[27m [36mv1.6.1[39m [90mc:/laragon/www/autochain-emma/frontend[39m

 [32m✓[39m src/simple-global.test.js[2m > [22mglobal test works
 [32m✓[39m src/views/AdminView.simple.test.js[2m > [22msimple views test

[31m⎯⎯⎯⎯⎯⎯[1m[7m Failed Suites 7 [27m[22m⎯⎯⎯⎯⎯⎯⎯[39m

[31m[1m[7m FAIL [27m[22m[39m src/simple-describe.test.js [2m[ src/simple-describe.test.js ][22m
[31m[1mError[22m: No test suite found in file C:/laragon/www/autochain-emma/frontend/src/simple-describe.test.js[39m
[31m[2m⎯⎯⎯⎯⎯⎯⎯⎯⎯⎯⎯⎯⎯⎯⎯⎯⎯⎯⎯⎯⎯⎯⎯⎯[1/7]⎯[22m[39m

[31m[1m[7m FAIL [27m[22m[39m src/simple.spec.js [2m[ src/simple.spec.js ][22m
[31m[1mError[22m: No test suite found in file C:/laragon/www/autochain-emma/frontend/src/simple.spec.js[39m
[31m[2m⎯⎯⎯⎯⎯⎯⎯⎯⎯⎯⎯⎯⎯⎯⎯⎯⎯⎯⎯⎯⎯⎯⎯⎯[2/7]⎯[22m[39m

[31m[1m[7m FAIL [27m[22m[39m src/simple.test.js [2m[ src/simple.test.js ][22m
[31m[1mTypeError[22m: Cannot read properties of undefined (reading 'test')[39m
[90m [2m❯[22m src/simple.test.js:[2m3:1[22m[39m

[31m[2m⎯⎯⎯⎯⎯⎯⎯⎯⎯⎯⎯⎯⎯⎯⎯⎯⎯⎯⎯⎯⎯⎯⎯⎯[3/7]⎯[22m[39m

[31m[1m[7m FAIL [27m[22m[39m src/stores/auth.spec.js [2m[ src/stores/auth.spec.js ][22m
[31m[1mError[22m: No test suite found in file C:/laragon/www/autochain-emma/frontend/src/stores/auth.spec.js[39m
[31m[2m⎯⎯⎯⎯⎯⎯⎯⎯⎯⎯⎯⎯⎯⎯⎯⎯⎯⎯⎯⎯⎯⎯⎯⎯[4/7]⎯[22m[39m

[31m[1m[7m FAIL [27m[22m[39m src/stores/wallet.test.js [2m[ src/stores/wallet.test.js ][22m
[31m[1mError[22m: [vitest] There was an error when mocking a module. If you are using "vi.mock" factory, make sure there are no top level variables inside, since this call is hoisted to top of the file. Read more: https://vitest.dev/api/vi.html#vi-mock[39m
[90m [2m❯[22m src/stores/wallet.js:[2m2:31[22m[39m

[31m[1mCaused by: ReferenceError[22m: Cannot access 'contractFactoryMock' before initialization[39m
[90m [2m❯[22m src/stores/wallet.test.js:[2m8:13[22m[39m
[90m [2m❯[22m src/stores/wallet.js:[2m2:31[22m[39m

[31m[2m⎯⎯⎯⎯⎯⎯⎯⎯⎯⎯⎯⎯⎯⎯⎯⎯⎯⎯⎯⎯⎯⎯⎯⎯[5/7]⎯[22m[39m

[31m[1m[7m FAIL [27m[22m[39m src/views/AdminView.smoke.test.js [2m[ src/views/AdminView.smoke.test.js ][22m
[31m[1mError[22m: No test suite found in file C:/laragon/www/autochain-emma/frontend/src/views/AdminView.smoke.test.js[39m
[31m[2m⎯⎯⎯⎯⎯⎯⎯⎯⎯⎯⎯⎯⎯⎯⎯⎯⎯⎯⎯⎯⎯⎯⎯⎯[6/7]⎯[22m[39m

[31m[1m[7m FAIL [27m[22m[39m src/views/AdminView.spec.js [2m[ src/views/AdminView.spec.js ][22m
[31m[1mError[22m: [vitest] There was an error when mocking a module. If you are using "vi.mock" factory, make sure there are no top level variables inside, since this call is hoisted to top of the file. Read more: https://vitest.dev/api/vi.html#vi-mock[39m
[90m [2m❯[22m src/stores/auth.js:[2m2:31[22m[39m

[31m[1mCaused by: ReferenceError[22m: Cannot access 'api' before initialization[39m
[90m [2m❯[22m src/views/AdminView.spec.js:[2m3:12[22m[39m
[90m [2m❯[22m src/stores/auth.js:[2m2:31[22m[39m

[31m[2m⎯⎯⎯⎯⎯⎯⎯⎯⎯⎯⎯⎯⎯⎯⎯⎯⎯⎯⎯⎯⎯⎯⎯⎯[7/7]⎯[22m[39m

[2m Test Files [22m [1m[31m7 failed[39m[22m[2m | [22m[1m[32m2 passed[39m[22m[90m (9)[39m
[2m      Tests [22m [1m[32m2 passed[39m[22m[90m (2)[39m
[2m   Start at [22m 22:45:58
[2m   Duration [22m 25.27s[2m (transform 1.84s, setup 4ms, collect 4.40s, tests 23ms, environment 52.21s, prepare 7.59s)[22m

